{
  "date": "October 7, 2025",
  "currency": "AED 129.95",
  "measurement": "2.75 kilograms"
}
