{
  "date": "7 de octubre de 2025",
  "currency": "â‚¬ 129,95",
  "measurement": "2,75 kilogramos"
}
